// Jest Snapshot v1, https://goo.gl/fbAQLP

exports[`example of snapshot 1`] = `
<div
  className="Logo"
>
  React Blog
</div>
`;
